sales_data.csv
date,region,product,quantity,revenue,unit_price
2025-05-24,Bursa,Kamera,39,35829.2,918.7
2025-08-20,Bursa,Kamera,40,51501.32,1287.53
2025-09-27,Bursa,Kamera,35,25094.66,716.99
2025-10-07,Bursa,Kamera,16,49288.85,3080.55
2025-07-05,Bursa,Kamera,23,24930.67,1083.94
2025-07-18,Bursa,Kamera,26,53550.3,2059.63
2025-09-06,Bursa,Kamera,9,24576.17,2730.69
2025-07-13,Bursa,Kamera,14,26218.32,1872.74
2025-07-11,Bursa,Kamera,46,35563.27,773.11
2025-05-30,Bursa,Kamera,38,13379.05,352.08
2025-06-03,Bursa,Kamera,45,25857.34,574.61
2025-05-21,Bursa,Kamera,47,25225.43,536.71
2025-05-21,Bursa,Kamera,13,29365.51,2258.89
2025-05-23,Bursa,Kamera,4,25160.79,6290.2
2025-07-15,Bursa,Kamera,34,33818.11,994.65
2025-07-29,Bursa,Kamera,17,42513.85,2500.81
2025-10-29,Bursa,Kamera,32,13297.46,415.55
2025-07-07,Bursa,Kamera,23,35035.04,1523.26
2025-05-22,Bursa,Kamera,10,14305.37,1430.54
2025-08-25,Bursa,Kamera,28,34030.76,1215.38
2025-08-11,Bursa,Kamera,18,13201.14,733.4
2025-06-02,Bursa,Kamera,8,25436.32,3179.54
2025-09-09,Bursa,Kamera,41,45746.26,1115.76
2025-07-06,Bursa,Kamera,15,14147.7,943.18
2025-07-23,Ankara,Tablet,11,43991.81,3999.26
2025-05-16,Ankara,Tablet,16,37169.83,2323.11
2025-08-21,Ankara,Tablet,46,14919.74,324.34
2025-09-10,Ankara,Tablet,33,33579.7,1017.57
2025-08-26,Ankara,Tablet,1,24747.7,24747.7
2025-07-07,Ankara,Tablet,33,28290.75,857.3
2025-06-05,Ankara,Tablet,5,38590.33,7718.07
2025-06-16,Ankara,Tablet,2,30584.09,15292.04
2025-10-18,Ankara,Tablet,44,29694.21,674.87
2025-07-30,Ankara,Tablet,39,42244.65,1083.2
2025-07-05,Ankara,Tablet,26,22711.1,873.5
2025-10-06,Ankara,Tablet,3,33312.91,11104.3
2025-08-16,Ankara,Tablet,2,32736.5,16368.25
2025-06-15,Ankara,Tablet,4,30786.74,7696.69
2025-10-20,Ankara,Tablet,10,37368.77,3736.88
2025-06-22,Ankara,Tablet,3,21680.18,7226.73
2025-06-27,Ankara,Tablet,36,41767.17,1160.2
2025-05-19,Ankara,Tablet,27,35971.72,1332.29
2025-08-24,Ankara,Tablet,49,44204.06,902.12
2025-09-15,Ankara,Tablet,24,29489.27,1228.72
2025-06-18,Ankara,Tablet,38,41626.43,1095.43
2025-06-01,Ankara,Tablet,5,12056.29,2411.26
2025-09-20,Ankara,Tablet,27,35008.34,1296.61
2025-06-06,Ankara,Tablet,19,18177.89,956.73
2025-07-02,Ankara,Tablet,41,21935.93,535.02
2025-06-28,Ankara,Tablet,30,19198.94,639.96
2025-11-04,Ankara,Tablet,18,35458.49,1969.92
2025-06-23,Ankara,Tablet,31,37486.21,1209.23
2025-06-19,Ankara,Tablet,45,30245.99,672.13
2025-09-08,Ankara,Tablet,36,19813.61,550.38
2025-08-25,Ankara,Tablet,8,23109.04,2888.63
2025-10-24,Ankara,Tablet,15,16669.71,1111.31
2025-07-24,Ankara,Tablet,5,40387.11,8077.42
2025-08-26,Ankara,Tablet,26,29491.97,1134.31
2025-07-15,Ankara,Tablet,24,36162.78,1506.78
2025-05-20,Ankara,Tablet,2,16675.36,8337.68
2025-08-21,Antalya,Kulaklık,21,4023.57,191.6
2025-08-06,Antalya,Kulaklık,42,17437.87,415.19
2025-08-15,Antalya,Kulaklık,6,11219.13,1869.86
2025-07-09,Antalya,Kulaklık,49,36325.81,741.34
2025-07-13,Antalya,Kulaklık,14,8013.03,572.36
2025-05-25,Antalya,Kulaklık,24,9698.24,404.09
2025-08-30,Antalya,Kulaklık,13,3920.91,301.61
2025-06-14,Antalya,Kulaklık,44,2702.94,61.43
2025-07-29,Antalya,Kulaklık,40,9520.53,238.01
2025-05-17,Antalya,Kulaklık,20,24007.29,1200.36
2025-10-21,Antalya,Kulaklık,28,16389.23,585.33
2025-09-29,Antalya,Kulaklık,25,10433.85,417.35
2025-06-05,Antalya,Kulaklık,29,6905.52,238.12
2025-08-21,Antalya,Kulaklık,30,2368.34,78.94
2025-10-06,Antalya,Kulaklık,18,17177.43,954.3
2025-09-17,Antalya,Kulaklık,35,1000.0,28.57
2025-09-26,Antalya,Kulaklık,27,30384.02,1125.33
2025-05-29,Antalya,Kulaklık,26,3096.23,119.09
2025-06-08,Antalya,Kulaklık,38,9567.61,251.78
2025-07-18,Antalya,Kulaklık,39,4927.13,126.34
2025-10-10,Antalya,Kulaklık,22,20754.56,943.39
2025-05-18,Antalya,Kulaklık,38,1000.0,26.32
2025-07-04,Antalya,Kulaklık,49,8802.19,179.64
2025-09-25,Antalya,Kulaklık,28,1000.0,35.71
2025-08-10,Antalya,Kulaklık,20,19272.13,963.61
2025-09-02,Antalya,Kulaklık,23,16615.34,722.41
2025-06-25,Antalya,Kulaklık,7,2288.2,326.89
2025-06-02,Antalya,Kulaklık,24,6059.56,252.48
2025-07-13,Antalya,Kulaklık,15,8314.67,554.31
2025-08-21,Antalya,Kulaklık,10,16631.92,1663.19
2025-07-06,İstanbul,Kulaklık,22,7122.45,323.75
2025-05-12,İstanbul,Kulaklık,9,15076.7,1675.19
2025-08-28,İstanbul,Kulaklık,33,23069.4,699.07
2025-10-14,İstanbul,Kulaklık,29,14532.2,501.11
2025-09-15,İstanbul,Kulaklık,34,9986.29,293.71
2025-09-26,İstanbul,Kulaklık,31,20880.63,673.57
2025-10-11,İstanbul,Kulaklık,33,7689.07,233.0
2025-08-10,İstanbul,Kulaklık,33,33452.42,1013.71
2025-08-23,İstanbul,Kulaklık,12,40284.72,3357.06
2025-09-16,İstanbul,Kulaklık,39,32590.94,835.67
2025-07-20,İstanbul,Kulaklık,25,14135.72,565.43
2025-09-06,İstanbul,Kulaklık,45,26943.13,598.74
2025-09-25,İstanbul,Kulaklık,21,23689.37,1128.07
2025-10-31,İstanbul,Kulaklık,21,27563.44,1312.54
2025-07-18,İstanbul,Kulaklık,20,10886.57,544.33
2025-10-14,İstanbul,Kulaklık,24,1000.0,41.67
2025-09-15,İstanbul,Kulaklık,32,13588.46,424.64
2025-10-18,İstanbul,Kulaklık,35,7140.05,204.0
2025-09-10,İstanbul,Kulaklık,25,11636.17,465.45
2025-09-08,İstanbul,Kulaklık,2,32017.21,16008.6
2025-09-05,İstanbul,Kulaklık,40,25730.72,643.27
2025-08-28,İstanbul,Kulaklık,15,32571.4,2171.43
2025-06-06,İstanbul,Kulaklık,33,6212.77,188.27
2025-10-14,İstanbul,Kulaklık,29,45848.15,1580.97
2025-06-26,İstanbul,Kulaklık,46,25554.62,555.54
2025-05-25,İstanbul,Kulaklık,17,35581.75,2093.04
2025-07-23,İstanbul,Kulaklık,15,1000.0,66.67
2025-07-09,İstanbul,Kulaklık,5,19330.85,3866.17
2025-10-06,İstanbul,Kulaklık,48,23753.16,494.86
2025-10-31,İstanbul,Kulaklık,47,34774.53,739.88
2025-05-24,Bursa,Kulaklık,47,1000.0,21.28
2025-08-25,Bursa,Kulaklık,28,21346.76,762.38
2025-07-07,Bursa,Kulaklık,8,3024.93,378.12
2025-08-13,Bursa,Kulaklık,17,13413.78,789.05
2025-10-17,Bursa,Kulaklık,33,7011.32,212.46
2025-08-25,Bursa,Kulaklık,20,6527.27,326.36
2025-05-24,Bursa,Kulaklık,43,1000.0,23.26
2025-10-03,Bursa,Kulaklık,22,1636.21,74.37
2025-06-19,Bursa,Kulaklık,9,25859.68,2873.3
2025-09-17,Bursa,Kulaklık,12,1000.0,83.33
2025-05-13,Bursa,Kulaklık,22,15679.15,712.69
2025-08-17,Bursa,Kulaklık,18,1000.0,55.56
2025-07-24,Bursa,Kulaklık,47,15114.36,321.58
2025-05-12,Bursa,Kulaklık,48,11805.32,245.94
2025-09-30,Bursa,Kulaklık,16,16508.06,1031.75
2025-07-01,Bursa,Kulaklık,7,7147.27,1021.04
2025-06-17,Bursa,Kulaklık,8,33162.07,4145.26
2025-07-29,Bursa,Kulaklık,15,7723.79,514.92
2025-10-23,Bursa,Kulaklık,26,7090.12,272.7
2025-08-10,Bursa,Kulaklık,18,7327.39,407.08
2025-07-03,İzmir,Kulaklık,37,11706.54,316.39
2025-08-21,İzmir,Kulaklık,22,1000.0,45.45
2025-09-02,İzmir,Kulaklık,21,1000.0,47.62
2025-06-23,İzmir,Kulaklık,40,14665.61,366.64
2025-06-17,İzmir,Kulaklık,25,39716.67,1588.67
2025-07-30,İzmir,Kulaklık,6,5115.6,852.6
2025-06-25,İzmir,Kulaklık,4,1000.0,250.0
2025-08-30,İzmir,Kulaklık,48,9337.67,194.53
2025-08-23,İzmir,Kulaklık,1,6365.37,6365.37
2025-07-20,İzmir,Kulaklık,12,15205.52,1267.13
2025-06-15,İzmir,Kulaklık,48,10326.64,215.14
2025-09-27,İzmir,Kulaklık,45,1524.84,33.89
2025-07-28,İzmir,Kulaklık,23,6253.95,271.91
2025-10-24,İzmir,Kulaklık,36,29439.13,817.75
2025-09-02,İzmir,Kulaklık,11,21733.72,1975.79
2025-08-07,İzmir,Kulaklık,37,1000.0,27.03
2025-09-29,İzmir,Kulaklık,9,1000.0,111.11
2025-09-15,İzmir,Kulaklık,42,1000.0,23.81
2025-06-26,İzmir,Kulaklık,34,5203.12,153.03
2025-05-30,İzmir,Klavye,9,12266.62,1362.96
2025-09-30,İzmir,Klavye,6,2078.81,346.47
2025-05-18,İzmir,Klavye,41,14019.16,341.93
2025-09-15,İzmir,Klavye,5,12109.48,2421.9
2025-06-26,İzmir,Klavye,1,6652.06,6652.06
2025-10-07,İzmir,Klavye,45,44946.57,998.81
2025-09-05,İzmir,Klavye,17,5757.14,338.66
2025-05-10,İzmir,Klavye,21,38464.29,1831.63
2025-09-18,İzmir,Klavye,39,11478.11,294.31
2025-06-24,İzmir,Klavye,29,8564.21,295.32
2025-05-16,İzmir,Klavye,6,15816.91,2636.15
2025-06-02,İzmir,Klavye,39,14827.8,380.2
2025-06-12,İzmir,Klavye,8,1000.0,125.0
2025-10-13,İzmir,Klavye,25,9952.04,398.08
2025-07-18,İzmir,Klavye,15,1000.0,66.67
2025-06-27,İzmir,Klavye,32,1000.0,31.25
2025-08-22,İzmir,Klavye,1,9720.07,9720.07
2025-05-13,İzmir,Klavye,9,6720.18,746.69
2025-08-19,İzmir,Klavye,17,1000.0,58.82
2025-10-18,İzmir,Klavye,32,4868.54,152.14
2025-07-03,İzmir,Klavye,17,1000.0,58.82
2025-07-29,İzmir,Klavye,22,10785.87,490.27
2025-09-04,İzmir,Klavye,22,1000.0,45.45
2025-08-09,İzmir,Klavye,9,26314.24,2923.8
2025-09-29,İzmir,Klavye,35,1000.0,28.57
2025-05-26,İzmir,Klavye,33,2154.1,65.28
2025-10-19,İzmir,Klavye,36,5402.57,150.07
2025-06-23,İzmir,Klavye,2,9932.21,4966.11
2025-07-15,İzmir,Klavye,32,14457.6,451.8
2025-08-06,Ankara,Kulaklık,20,4193.29,209.66
2025-07-02,Ankara,Kulaklık,29,1000.0,34.48
2025-11-04,Ankara,Kulaklık,32,11413.99,356.69
2025-05-21,Ankara,Kulaklık,49,10305.22,210.31
2025-10-20,Ankara,Kulaklık,26,8034.09,309.0
2025-11-03,Ankara,Kulaklık,36,2118.53,58.85
2025-07-26,Ankara,Kulaklık,14,27772.16,1983.73
2025-08-31,Ankara,Kulaklık,21,3168.73,150.89
2025-07-02,Ankara,Kulaklık,43,1000.0,23.26
2025-10-02,Ankara,Kulaklık,37,7541.26,203.82
2025-05-11,Ankara,Kulaklık,14,1922.18,137.3
2025-08-05,Ankara,Kulaklık,45,10987.58,244.17
2025-07-10,Ankara,Kulaklık,20,3707.16,185.36
2025-05-23,Ankara,Kulaklık,14,25077.28,1791.23
2025-09-09,Ankara,Kulaklık,43,24347.03,566.21
2025-07-25,Ankara,Kulaklık,16,24267.71,1516.73
2025-07-03,Ankara,Kulaklık,15,15214.62,1014.31
2025-06-03,Ankara,Kulaklık,15,14191.25,946.08
2025-06-26,Ankara,Kulaklık,29,21419.0,738.59
2025-05-15,Ankara,Kulaklık,39,9682.71,248.27
2025-08-10,Ankara,Kulaklık,22,9345.65,424.8
2025-08-16,Ankara,Kulaklık,45,14985.54,333.01
2025-08-18,Ankara,Kulaklık,18,1000.0,55.56
2025-08-19,Ankara,Kulaklık,11,10803.2,982.11
2025-09-30,Ankara,Kulaklık,38,14029.68,369.2
2025-09-05,Ankara,Kulaklık,41,16340.28,398.54
2025-08-07,Ankara,Kulaklık,38,7739.65,203.67
2025-07-27,Ankara,Kulaklık,4,12312.24,3078.06
2025-05-18,Ankara,Kulaklık,25,10424.4,416.98
2025-07-15,Ankara,Kulaklık,23,1000.0,43.48
2025-08-24,Ankara,Kulaklık,11,4729.65,429.97
2025-09-30,Ankara,Kulaklık,25,20564.0,822.56
2025-08-16,Ankara,Kulaklık,29,21779.6,751.02
2025-10-22,Ankara,Kulaklık,25,1000.0,40.0
2025-11-03,Ankara,Kulaklık,43,15992.33,371.91
2025-10-22,Ankara,Kulaklık,44,10791.93,245.27
2025-07-25,Ankara,Kulaklık,26,9237.16,355.28
2025-10-28,Bursa,Klavye,8,3374.76,421.84
2025-07-20,Bursa,Klavye,12,7562.42,630.2
2025-09-20,Bursa,Klavye,49,14170.85,289.2
2025-08-28,Bursa,Klavye,29,1000.0,34.48
2025-05-17,Bursa,Klavye,14,3837.07,274.08
2025-06-16,Bursa,Klavye,8,8066.81,1008.35
2025-06-15,Bursa,Klavye,29,3872.82,133.55
2025-09-14,Bursa,Klavye,8,6574.71,821.84
2025-07-10,Bursa,Klavye,27,1000.0,37.04
2025-09-21,Bursa,Klavye,28,1000.0,35.71
2025-08-06,Bursa,Klavye,5,1000.0,200.0
2025-08-11,Bursa,Klavye,1,1000.0,1000.0
2025-09-02,Bursa,Klavye,45,2351.31,52.25
2025-10-09,Bursa,Klavye,21,3355.83,159.8
2025-06-27,Bursa,Klavye,10,12311.92,1231.19
2025-08-29,Bursa,Klavye,22,7008.94,318.59
2025-09-02,Bursa,Klavye,49,14466.27,295.23
2025-09-18,Bursa,Klavye,1,16220.58,16220.58
2025-08-08,Bursa,Klavye,18,1000.0,55.56
2025-07-29,Bursa,Klavye,41,13474.57,328.65
2025-07-29,İzmir,Monitör,2,33870.54,16935.27
2025-09-16,İzmir,Monitör,44,21103.44,479.62
2025-10-01,İzmir,Monitör,9,7945.86,882.87
2025-09-30,İzmir,Monitör,8,48385.71,6048.21
2025-07-27,İzmir,Monitör,45,3046.06,67.69
2025-08-12,İzmir,Monitör,12,26036.75,2169.73
2025-09-20,İzmir,Monitör,42,38576.66,918.49
2025-10-18,İzmir,Monitör,28,19657.31,702.05
2025-09-14,İzmir,Monitör,17,23228.49,1366.38
2025-08-15,İzmir,Monitör,22,30238.47,1374.48
2025-08-19,İzmir,Monitör,44,2845.6,64.67
2025-05-22,İzmir,Monitör,9,26435.08,2937.23
2025-07-30,İzmir,Monitör,13,32330.8,2486.98
2025-11-02,İzmir,Monitör,24,16314.08,679.75
2025-09-25,İzmir,Monitör,49,38559.8,786.93
2025-08-24,İzmir,Monitör,27,25172.11,932.3
2025-09-24,İzmir,Monitör,42,21103.03,502.45
2025-08-17,İzmir,Monitör,34,35651.3,1048.57
2025-05-15,İzmir,Monitör,29,26299.93,906.89
2025-09-12,İzmir,Monitör,48,12226.01,254.71
2025-05-10,İzmir,Monitör,34,18986.64,558.43
2025-09-07,İzmir,Monitör,33,19715.65,597.44
2025-06-05,İzmir,Monitör,48,38278.94,797.48
2025-11-04,İzmir,Monitör,48,11916.25,248.26
2025-07-21,İzmir,Monitör,39,31171.83,799.28
2025-09-29,İzmir,Monitör,43,29384.28,683.36
2025-07-12,İzmir,Monitör,4,42553.08,10638.27
2025-05-25,İzmir,Monitör,8,9394.56,1174.32
2025-05-21,İzmir,Monitör,11,38654.83,3514.08
2025-11-02,İzmir,Monitör,35,11312.01,323.2
2025-05-23,İzmir,Monitör,27,38403.14,1422.34
2025-06-22,Ankara,Telefon,8,49753.9,6219.24
2025-06-23,Ankara,Telefon,6,50649.2,8441.53
2025-07-02,Ankara,Telefon,1,41159.08,41159.08
2025-06-10,Ankara,Telefon,25,36903.68,1476.15
2025-08-03,Ankara,Telefon,37,45721.41,1235.71
2025-10-03,Ankara,Telefon,5,54213.22,10842.64
2025-08-07,Ankara,Telefon,7,28998.58,4142.65
2025-10-01,Ankara,Telefon,27,37450.31,1387.05
2025-05-14,Ankara,Telefon,29,44140.14,1522.07
2025-06-16,Ankara,Telefon,35,53755.54,1535.87
2025-10-16,Ankara,Telefon,31,54668.34,1763.49
2025-09-29,Ankara,Telefon,49,36818.64,751.4
2025-07-11,Ankara,Telefon,48,41326.55,860.97
2025-07-08,Ankara,Telefon,20,53340.5,2667.03
2025-07-02,Ankara,Telefon,20,48127.68,2406.38
2025-06-08,Ankara,Telefon,27,54538.15,2019.93
2025-10-24,Ankara,Telefon,39,56505.27,1448.85
2025-09-27,Ankara,Telefon,1,36563.59,36563.59
2025-06-18,Bursa,Laptop,21,46542.31,2216.3
2025-07-10,Bursa,Laptop,49,26799.17,546.92
2025-09-28,Bursa,Laptop,21,50908.98,2424.24
2025-08-18,Bursa,Laptop,5,59691.7,11938.34
2025-07-19,Bursa,Laptop,25,47137.37,1885.49
2025-09-03,Bursa,Laptop,25,36762.83,1470.51
2025-08-31,Bursa,Laptop,30,58535.94,1951.2
2025-06-24,Bursa,Laptop,32,44570.6,1392.83
2025-08-24,Bursa,Laptop,37,52652.0,1423.03
2025-05-10,Bursa,Laptop,48,50748.57,1057.26
2025-09-30,Bursa,Laptop,16,54821.79,3426.36
2025-10-07,Bursa,Laptop,45,45223.67,1004.97
2025-05-13,Bursa,Laptop,4,52690.15,13172.54
2025-08-04,Bursa,Laptop,23,42939.15,1866.92
2025-09-22,Bursa,Laptop,2,50464.18,25232.09
2025-09-05,Bursa,Laptop,7,41293.56,5899.08
2025-10-05,Bursa,Laptop,10,33291.88,3329.19
2025-10-25,Bursa,Laptop,22,37591.94,1708.72
2025-09-28,Bursa,Laptop,11,41856.15,3805.1
2025-10-08,Bursa,Laptop,39,29263.21,750.34
2025-08-30,Bursa,Laptop,29,34013.97,1172.9
2025-07-27,Bursa,Laptop,31,52310.16,1687.42
2025-09-12,Bursa,Laptop,36,60939.86,1692.77
2025-07-02,Bursa,Laptop,34,29798.47,876.43
2025-08-30,Bursa,Laptop,12,45916.75,3826.4
2025-09-27,Bursa,Laptop,23,51308.33,2230.8
2025-08-30,Bursa,Laptop,45,57873.12,1286.07
2025-06-24,Bursa,Laptop,42,45602.84,1085.78
2025-09-06,Bursa,Laptop,22,42976.5,1953.48
2025-10-20,Bursa,Laptop,37,40894.91,1105.27
2025-09-13,Bursa,Laptop,41,46746.97,1140.17
2025-09-22,Bursa,Laptop,8,42286.52,5285.82
2025-07-24,Bursa,Laptop,1,37256.53,37256.53
2025-06-20,Bursa,Laptop,18,36945.56,2052.53
2025-08-28,Antalya,Telefon,45,33977.87,755.06
2025-06-04,Antalya,Telefon,13,41322.71,3178.67
2025-09-03,Antalya,Telefon,23,22376.33,972.88
2025-07-11,Antalya,Telefon,49,49473.91,1009.67
2025-09-12,Antalya,Telefon,43,22418.95,521.37
2025-10-11,Antalya,Telefon,36,51704.67,1436.24
2025-08-17,Antalya,Telefon,37,31107.46,840.74
2025-08-03,Antalya,Telefon,12,40857.89,3404.82
2025-08-25,Antalya,Telefon,2,46426.19,23213.09
2025-07-06,Antalya,Telefon,39,28353.81,727.02
2025-06-16,Antalya,Telefon,45,34617.78,769.28
2025-05-13,Antalya,Telefon,5,30125.56,6025.11
2025-09-28,Antalya,Telefon,39,45198.86,1158.95
2025-10-02,Antalya,Telefon,31,24838.38,801.24
2025-07-17,Antalya,Telefon,26,27698.42,1065.32
2025-05-30,Antalya,Telefon,46,31494.53,684.66
2025-06-14,Antalya,Telefon,42,44337.49,1055.65
2025-10-25,Antalya,Telefon,49,38771.78,791.26
2025-06-27,Antalya,Telefon,39,48887.99,1253.54
2025-07-14,Antalya,Telefon,20,41209.45,2060.47
2025-08-26,Antalya,Telefon,27,30611.93,1133.78
2025-08-01,Antalya,Telefon,13,30349.58,2334.58
2025-05-29,Antalya,Telefon,6,57188.88,9531.48
2025-06-06,Antalya,Telefon,3,56171.19,18723.73
2025-05-24,İstanbul,Kamera,45,65856.83,1463.49
2025-07-17,İstanbul,Kamera,5,45790.18,9158.04
2025-11-04,İstanbul,Kamera,1,56694.34,56694.34
2025-07-02,İstanbul,Kamera,3,64389.06,21463.02
2025-10-13,İstanbul,Kamera,5,48158.17,9631.63
2025-05-21,İstanbul,Kamera,26,48848.54,1878.79
2025-06-03,İstanbul,Kamera,45,65829.96,1462.89
2025-05-15,İstanbul,Kamera,26,79792.05,3068.92
2025-06-20,İstanbul,Kamera,25,81131.01,3245.24
2025-09-23,İstanbul,Kamera,10,57859.29,5785.93
2025-06-04,İstanbul,Kamera,47,61016.79,1298.23
2025-07-10,İstanbul,Kamera,44,84483.47,1920.08
2025-08-24,İstanbul,Kamera,7,54767.08,7823.87
2025-09-29,İstanbul,Kamera,1,64222.65,64222.65
2025-05-25,İstanbul,Kamera,14,31427.56,2244.83
2025-08-20,İstanbul,Kamera,36,41107.58,1141.88
2025-08-24,İstanbul,Kamera,33,51524.66,1561.35
2025-07-06,İstanbul,Kamera,21,44346.29,2111.73
2025-08-26,İstanbul,Kamera,35,28905.24,825.86
2025-09-08,İstanbul,Kamera,32,28854.59,901.71
2025-08-01,İstanbul,Kamera,19,37940.34,1996.86
2025-07-16,İstanbul,Kamera,5,47158.79,9431.76
2025-07-02,İstanbul,Kamera,40,70502.55,1762.56
2025-09-27,İstanbul,Kamera,23,32768.09,1424.7
2025-10-07,İstanbul,Kamera,46,48888.09,1062.78
2025-07-09,İstanbul,Kamera,24,25103.67,1045.99
2025-07-03,İstanbul,Kamera,5,59235.51,11847.1
2025-07-11,İstanbul,Kamera,22,56825.21,2582.96
2025-10-30,İstanbul,Kamera,14,77299.23,5521.37
2025-10-16,İstanbul,Kamera,28,39954.02,1426.93
2025-09-07,İstanbul,Kamera,43,25959.86,603.72
2025-07-19,İstanbul,Laptop,8,46864.85,5858.11
2025-06-21,İstanbul,Laptop,48,75770.41,1578.55
2025-05-18,İstanbul,Laptop,11,86403.77,7854.89
2025-10-01,İstanbul,Laptop,14,71412.32,5100.88
2025-07-15,İstanbul,Laptop,8,85825.08,10728.14
2025-07-09,İstanbul,Laptop,39,65595.49,1681.94
2025-05-12,İstanbul,Laptop,47,82028.45,1745.29
2025-08-16,İstanbul,Laptop,20,82622.85,4131.14
2025-11-04,İstanbul,Laptop,14,59475.68,4248.26
2025-06-13,İstanbul,Laptop,44,98288.43,2233.83
2025-10-08,İstanbul,Laptop,34,72537.31,2133.45
2025-08-13,İstanbul,Laptop,3,63265.96,21088.65
2025-08-09,İstanbul,Laptop,31,84767.42,2734.43
2025-06-30,İstanbul,Laptop,9,75027.69,8336.41
2025-07-31,İstanbul,Laptop,40,58675.21,1466.88
