sales_data.csv
date,region,product,quantity,revenue,unit_price
2025-07-29,İzmir,Tablet,8,15598.61,1949.83
2025-06-11,İzmir,Tablet,41,40381.28,984.91
2025-08-18,İzmir,Tablet,14,20794.85,1485.35
2025-06-26,İzmir,Tablet,33,33304.54,1009.23
2025-08-20,İzmir,Tablet,30,44701.09,1490.04
2025-06-30,İzmir,Tablet,38,10895.13,286.71
2025-05-10,İzmir,Tablet,40,33072.73,826.82
2025-10-08,İzmir,Tablet,25,41305.67,1652.23
2025-08-25,İzmir,Tablet,44,53749.38,1221.58
2025-06-27,İzmir,Tablet,17,45729.62,2689.98
2025-07-06,İzmir,Tablet,35,40139.59,1146.85
2025-11-05,İzmir,Tablet,23,23375.82,1016.34
2025-05-14,İzmir,Tablet,8,47062.38,5882.8
2025-08-06,İzmir,Tablet,21,39329.72,1872.84
2025-05-21,İzmir,Tablet,10,29536.64,2953.66
2025-06-11,İzmir,Tablet,2,36469.22,18234.61
2025-08-15,İzmir,Tablet,36,11541.46,320.6
2025-10-23,İzmir,Tablet,41,25096.52,612.11
2025-07-13,İzmir,Tablet,37,29766.53,804.5
2025-10-12,İzmir,Tablet,44,37579.77,854.09
2025-06-20,İzmir,Tablet,49,38513.92,786.0
2025-08-31,İzmir,Tablet,8,23792.49,2974.06
2025-07-28,İzmir,Tablet,2,47803.51,23901.75
2025-07-22,İzmir,Tablet,43,53057.31,1233.89
2025-08-05,İzmir,Tablet,28,38064.85,1359.46
2025-05-25,İzmir,Tablet,26,9087.73,349.53
2025-06-05,İzmir,Tablet,15,32193.55,2146.24
2025-06-26,Ankara,Laptop,37,67923.88,1835.78
2025-09-14,Ankara,Laptop,12,64810.58,5400.88
2025-07-26,Ankara,Laptop,26,39705.86,1527.15
2025-07-03,Ankara,Laptop,16,43379.62,2711.23
2025-07-09,Ankara,Laptop,18,53641.02,2980.06
2025-06-11,Ankara,Laptop,41,52782.3,1287.37
2025-06-15,Ankara,Laptop,5,51125.38,10225.08
2025-07-25,Ankara,Laptop,4,36009.74,9002.44
2025-08-11,Ankara,Laptop,10,58275.55,5827.55
2025-09-11,Ankara,Laptop,49,54353.37,1109.25
2025-08-02,Ankara,Laptop,1,39686.67,39686.67
2025-07-02,Ankara,Laptop,1,62079.93,62079.93
2025-07-18,Ankara,Laptop,44,45227.05,1027.89
2025-10-25,Ankara,Laptop,12,53727.13,4477.26
2025-07-19,Ankara,Laptop,15,65197.29,4346.49
2025-06-04,Ankara,Laptop,25,46028.21,1841.13
2025-07-31,Ankara,Laptop,43,54012.98,1256.12
2025-05-13,Ankara,Laptop,22,61525.67,2796.62
2025-09-15,Ankara,Laptop,38,41931.61,1103.46
2025-06-06,Ankara,Laptop,11,49477.12,4497.92
2025-07-19,Ankara,Laptop,13,55664.92,4281.92
2025-08-21,Ankara,Laptop,28,53256.39,1902.01
2025-08-16,Ankara,Laptop,32,66988.31,2093.38
2025-05-24,İzmir,Laptop,26,69410.5,2669.63
2025-09-06,İzmir,Laptop,26,54666.02,2102.54
2025-07-15,İzmir,Laptop,3,57828.11,19276.04
2025-09-12,İzmir,Laptop,44,75726.53,1721.06
2025-08-26,İzmir,Laptop,24,61080.51,2545.02
2025-05-31,İzmir,Laptop,2,80758.69,40379.35
2025-07-21,İzmir,Laptop,13,71306.86,5485.14
2025-07-19,İzmir,Laptop,25,50057.81,2002.31
2025-09-17,İzmir,Laptop,32,84343.55,2635.74
2025-06-18,İzmir,Laptop,30,72407.1,2413.57
2025-05-15,İzmir,Laptop,19,62350.14,3281.59
2025-08-28,İzmir,Laptop,24,63888.68,2662.03
2025-10-07,Bursa,Monitör,39,15308.93,392.54
2025-08-21,Bursa,Monitör,29,20637.65,711.64
2025-08-30,Bursa,Monitör,3,1000.0,333.33
2025-07-23,Bursa,Monitör,11,19565.7,1778.7
2025-06-13,Bursa,Monitör,21,14293.11,680.62
2025-07-14,Bursa,Monitör,33,22310.82,676.09
2025-08-05,Bursa,Monitör,43,27349.44,636.03
2025-08-18,Bursa,Monitör,34,4358.3,128.19
2025-10-01,Bursa,Monitör,29,41076.52,1416.43
2025-08-22,Bursa,Monitör,1,6453.07,6453.07
2025-07-21,Bursa,Monitör,14,14093.01,1006.64
2025-11-03,Bursa,Monitör,37,13434.01,363.08
2025-05-23,Bursa,Monitör,7,30108.66,4301.24
2025-08-22,Bursa,Monitör,10,22102.99,2210.3
2025-10-28,Bursa,Monitör,21,19894.23,947.34
2025-08-27,Bursa,Monitör,16,18217.98,1138.62
2025-05-30,Bursa,Monitör,34,12614.69,371.02
2025-10-01,Bursa,Monitör,13,24512.5,1885.58
2025-09-06,Bursa,Monitör,38,27773.84,730.89
2025-07-24,Bursa,Monitör,19,7916.2,416.64
2025-10-17,Bursa,Monitör,19,1000.0,52.63
2025-08-19,Bursa,Monitör,14,22232.9,1588.06
2025-09-02,Bursa,Monitör,36,17826.66,495.18
2025-07-05,Bursa,Monitör,26,20970.59,806.56
2025-10-25,Bursa,Monitör,16,21339.85,1333.74
2025-07-16,Bursa,Monitör,15,3374.68,224.98
2025-11-02,Bursa,Monitör,42,12913.44,307.46
2025-10-13,Bursa,Monitör,31,13604.58,438.86
2025-08-13,Bursa,Monitör,5,10364.14,2072.83
2025-08-04,Bursa,Monitör,17,8963.51,527.27
2025-07-19,Bursa,Monitör,35,14461.91,413.2
2025-07-06,Bursa,Monitör,26,21024.64,808.64
2025-10-27,Antalya,Klavye,28,21980.04,785.0
2025-07-17,Antalya,Klavye,12,1000.0,83.33
2025-09-24,Antalya,Klavye,44,2488.38,56.55
2025-06-25,Antalya,Klavye,36,9603.16,266.75
2025-07-16,Antalya,Klavye,12,2131.48,177.62
2025-09-23,Antalya,Klavye,48,1000.0,20.83
2025-08-16,Antalya,Klavye,30,1827.51,60.92
2025-07-19,Antalya,Klavye,49,1000.0,20.41
2025-10-19,Antalya,Klavye,10,15653.24,1565.32
2025-10-25,Antalya,Klavye,49,15260.15,311.43
2025-08-09,Antalya,Klavye,40,12247.73,306.19
2025-09-22,Antalya,Klavye,42,1000.0,23.81
2025-08-17,Antalya,Klavye,36,1000.0,27.78
2025-09-02,Antalya,Klavye,28,1000.0,35.71
2025-09-26,Antalya,Klavye,20,1000.0,50.0
2025-08-31,Antalya,Klavye,43,25187.81,585.76
2025-07-01,Antalya,Klavye,30,8052.37,268.41
2025-08-28,Antalya,Klavye,9,24041.02,2671.22
2025-07-15,Antalya,Klavye,20,12304.29,615.21
2025-07-13,Antalya,Klavye,17,2091.83,123.05
2025-05-29,Antalya,Klavye,27,1000.0,37.04
2025-09-27,Antalya,Klavye,32,1000.0,31.25
2025-09-18,Antalya,Klavye,32,11167.98,349.0
2025-08-05,Antalya,Klavye,17,1000.0,58.82
2025-10-26,Antalya,Klavye,49,1000.0,20.41
2025-08-27,Antalya,Klavye,15,22841.61,1522.77
2025-09-15,Antalya,Klavye,42,11065.95,263.47
2025-05-31,Antalya,Klavye,38,1000.0,26.32
2025-09-14,Antalya,Klavye,44,4371.76,99.36
2025-09-02,Antalya,Klavye,28,1000.0,35.71
2025-09-15,İstanbul,Klavye,27,12633.3,467.9
2025-08-26,İstanbul,Klavye,11,14867.77,1351.62
2025-09-07,İstanbul,Klavye,22,1000.0,45.45
2025-07-11,İstanbul,Klavye,15,1000.0,66.67
2025-07-29,İstanbul,Klavye,40,1000.0,25.0
2025-05-10,İstanbul,Klavye,32,7531.97,235.37
2025-07-15,İstanbul,Klavye,33,1000.0,30.3
2025-10-04,İstanbul,Klavye,11,36470.3,3315.48
2025-06-18,İstanbul,Klavye,34,11877.32,349.33
2025-07-24,İstanbul,Klavye,37,26968.79,728.89
2025-09-05,İstanbul,Klavye,26,13261.49,510.06
2025-07-31,İstanbul,Klavye,7,5206.65,743.81
2025-05-19,İstanbul,Klavye,24,16195.85,674.83
2025-07-17,İstanbul,Klavye,34,17865.44,525.45
2025-10-05,İstanbul,Klavye,17,1000.0,58.82
2025-05-22,İstanbul,Klavye,49,1000.0,20.41
2025-07-31,İstanbul,Klavye,9,30614.64,3401.63
2025-10-02,İstanbul,Klavye,49,22014.05,449.27
2025-08-26,İstanbul,Klavye,21,31183.31,1484.92
2025-10-08,İstanbul,Klavye,43,24541.86,570.74
2025-06-01,İstanbul,Klavye,36,21902.33,608.4
2025-10-04,İstanbul,Klavye,19,6776.18,356.64
2025-09-18,İstanbul,Klavye,49,29087.31,593.62
2025-08-05,İstanbul,Klavye,2,18082.09,9041.05
2025-09-06,İstanbul,Klavye,27,13101.62,485.25
2025-10-22,İstanbul,Klavye,30,1000.0,33.33
2025-08-21,İstanbul,Klavye,47,4034.44,85.84
2025-07-05,İstanbul,Klavye,34,1000.0,29.41
2025-07-31,İstanbul,Klavye,47,1000.0,21.28
2025-06-29,Antalya,Laptop,42,45747.96,1089.24
2025-07-29,Antalya,Laptop,49,31934.36,651.72
2025-08-15,Antalya,Laptop,41,44399.9,1082.92
2025-10-29,Antalya,Laptop,29,46614.14,1607.38
2025-07-01,Antalya,Laptop,7,57433.83,8204.83
2025-05-15,Antalya,Laptop,28,58575.9,2092.0
2025-06-17,Antalya,Laptop,15,47538.92,3169.26
2025-08-07,Antalya,Laptop,28,37027.15,1322.4
2025-07-25,Antalya,Laptop,31,51156.12,1650.2
2025-10-20,Antalya,Laptop,6,42415.86,7069.31
2025-05-22,Antalya,Laptop,35,47853.03,1367.23
2025-10-20,Antalya,Laptop,31,34081.38,1099.4
2025-10-24,Antalya,Laptop,44,42333.36,962.12
2025-06-29,Antalya,Laptop,11,40200.91,3654.63
2025-06-11,Antalya,Laptop,7,35637.36,5091.05
2025-10-13,Antalya,Laptop,34,40046.43,1177.84
2025-10-12,Antalya,Laptop,14,33455.08,2389.65
2025-07-30,Antalya,Laptop,43,45783.68,1064.74
2025-09-26,Antalya,Laptop,23,48956.22,2128.53
2025-10-31,Antalya,Laptop,33,62938.07,1907.21
2025-07-10,Antalya,Laptop,17,54873.14,3227.83
2025-06-10,Antalya,Laptop,9,53655.74,5961.75
2025-10-08,Antalya,Laptop,8,36634.7,4579.34
2025-06-12,Antalya,Laptop,3,36982.16,12327.39
2025-10-15,Antalya,Laptop,35,43553.65,1244.39
2025-07-07,Bursa,Mouse,41,6434.45,156.94
2025-09-14,Bursa,Mouse,33,12305.07,372.88
2025-05-22,Bursa,Mouse,42,21090.72,502.16
2025-11-01,Bursa,Mouse,21,1000.0,47.62
2025-07-09,Bursa,Mouse,41,1000.0,24.39
2025-09-18,Bursa,Mouse,3,11226.31,3742.1
2025-08-10,Bursa,Mouse,14,7538.42,538.46
2025-07-29,Bursa,Mouse,10,3629.58,362.96
2025-06-28,Bursa,Mouse,36,6520.07,181.11
2025-10-20,Bursa,Mouse,45,14947.44,332.17
2025-10-06,Bursa,Mouse,44,22018.89,500.43
2025-09-03,Bursa,Mouse,48,1000.0,20.83
2025-08-03,Bursa,Mouse,22,1000.0,45.45
2025-07-12,Bursa,Mouse,42,1000.0,23.81
2025-06-25,Bursa,Mouse,27,21186.83,784.7
2025-10-24,Bursa,Mouse,35,1777.8,50.79
2025-08-24,Bursa,Mouse,37,1600.74,43.26
2025-08-01,Bursa,Mouse,49,1000.0,20.41
2025-09-13,Bursa,Mouse,40,7642.55,191.06
2025-06-19,Bursa,Mouse,35,1000.0,28.57
2025-07-02,Bursa,Mouse,1,1000.0,1000.0
2025-06-13,Bursa,Mouse,36,6656.3,184.9
2025-09-04,Bursa,Mouse,20,16477.8,823.89
2025-10-07,Bursa,Mouse,8,1000.0,125.0
2025-10-08,Bursa,Mouse,43,1000.0,23.26
2025-09-30,Bursa,Mouse,4,7199.17,1799.79
2025-10-16,Ankara,Mouse,17,1000.0,58.82
2025-09-15,Ankara,Mouse,23,17526.68,762.03
2025-07-08,Ankara,Mouse,32,5909.66,184.68
2025-08-27,Ankara,Mouse,18,1000.0,55.56
2025-10-31,Ankara,Mouse,17,16352.95,961.94
2025-11-04,Ankara,Mouse,37,24609.02,665.11
2025-11-02,Ankara,Mouse,11,1000.0,90.91
2025-07-20,Ankara,Mouse,38,1000.0,26.32
2025-10-01,Ankara,Mouse,7,8101.58,1157.37
2025-08-08,Ankara,Mouse,13,8852.92,680.99
2025-05-28,Ankara,Mouse,25,9823.34,392.93
2025-06-13,Ankara,Mouse,42,22808.93,543.07
2025-07-20,Ankara,Mouse,1,13948.77,13948.77
2025-10-04,Ankara,Mouse,14,17427.81,1244.84
2025-10-12,Ankara,Mouse,1,1000.0,1000.0
2025-08-22,Ankara,Mouse,31,18218.78,587.7
2025-09-23,Ankara,Mouse,9,1889.03,209.89
2025-09-23,Ankara,Mouse,5,1000.0,200.0
2025-09-19,Ankara,Mouse,42,20066.03,477.76
2025-05-31,Ankara,Mouse,37,1000.0,27.03
2025-09-22,Ankara,Mouse,40,2355.13,58.88
2025-09-20,Ankara,Mouse,25,1000.0,40.0
2025-07-23,Ankara,Mouse,33,1000.0,30.3
2025-10-22,Ankara,Mouse,11,4919.89,447.26
2025-09-14,Ankara,Mouse,48,8922.9,185.89
2025-06-17,Ankara,Mouse,40,21660.33,541.51
2025-06-18,Ankara,Mouse,24,8701.98,362.58
2025-09-04,Ankara,Mouse,40,17912.94,447.82
2025-05-15,Ankara,Mouse,48,8504.99,177.19
2025-10-04,Antalya,Tablet,36,34462.36,957.29
2025-05-17,Antalya,Tablet,30,37210.07,1240.34
2025-05-12,Antalya,Tablet,10,24173.91,2417.39
2025-07-18,Antalya,Tablet,18,26567.85,1475.99
2025-06-23,Antalya,Tablet,31,19556.64,630.86
2025-06-11,Antalya,Tablet,6,18497.21,3082.87
2025-09-16,Antalya,Tablet,5,16321.44,3264.29
2025-07-17,Antalya,Tablet,32,27216.59,850.52
2025-07-05,Antalya,Tablet,46,19895.9,432.52
2025-07-26,Antalya,Tablet,41,34722.95,846.9
2025-10-28,Antalya,Tablet,33,25946.21,786.25
2025-06-16,Antalya,Tablet,4,41343.66,10335.91
2025-10-31,Antalya,Tablet,13,25424.29,1955.71
2025-09-27,Antalya,Tablet,47,32779.94,697.45
2025-07-05,Antalya,Tablet,23,18863.61,820.16
2025-05-22,Antalya,Tablet,37,29540.57,798.39
2025-07-30,Antalya,Tablet,26,13972.75,537.41
2025-09-19,Antalya,Tablet,33,37597.89,1139.33
2025-05-31,Antalya,Tablet,45,11732.63,260.73
2025-11-01,Antalya,Tablet,34,23275.37,684.57
2025-07-02,Antalya,Tablet,38,34997.67,920.99
2025-10-03,Antalya,Tablet,30,17919.63,597.32
2025-07-15,Antalya,Tablet,19,25676.77,1351.41
2025-11-01,Antalya,Tablet,27,41379.43,1532.57
2025-08-11,Antalya,Tablet,40,19846.08,496.15
2025-06-05,Antalya,Tablet,26,31700.28,1219.24
2025-09-11,Antalya,Tablet,31,7285.05,235.0
2025-10-03,İzmir,Telefon,41,39356.42,959.91
2025-08-07,İzmir,Telefon,19,45438.63,2391.51
2025-05-21,İzmir,Telefon,1,44780.84,44780.84
2025-05-10,İzmir,Telefon,2,44940.27,22470.14
2025-06-12,İzmir,Telefon,35,56560.8,1616.02
2025-06-28,İzmir,Telefon,12,72244.82,6020.4
2025-10-03,İzmir,Telefon,32,54274.03,1696.06
2025-09-04,İzmir,Telefon,10,48921.86,4892.19
2025-10-07,İzmir,Telefon,44,52157.86,1185.41
2025-10-14,İzmir,Telefon,8,76840.99,9605.12
2025-05-19,İzmir,Telefon,25,53006.29,2120.25
2025-06-10,İzmir,Telefon,30,46025.24,1534.17
2025-10-25,İzmir,Telefon,48,55006.64,1145.97
2025-05-18,İzmir,Telefon,17,41945.37,2467.37
2025-05-24,İzmir,Telefon,4,18779.24,4694.81
2025-05-25,İzmir,Telefon,16,48324.65,3020.29
2025-08-16,İzmir,Telefon,3,53809.91,17936.64
2025-09-14,İstanbul,Mouse,39,3450.99,88.49
2025-07-15,İstanbul,Mouse,31,10711.41,345.53
2025-07-01,İstanbul,Mouse,44,1000.0,22.73
2025-09-03,İstanbul,Mouse,1,2732.3,2732.3
2025-07-22,İstanbul,Mouse,43,24543.63,570.78
2025-10-17,İstanbul,Mouse,38,13525.68,355.94
2025-07-27,İstanbul,Mouse,17,31929.23,1878.19
2025-06-03,İstanbul,Mouse,39,1000.0,25.64
2025-07-21,İstanbul,Mouse,4,3823.96,955.99
2025-05-12,İstanbul,Mouse,32,1000.0,31.25
2025-05-21,İstanbul,Mouse,27,1000.0,37.04
2025-05-20,İstanbul,Mouse,17,1000.0,58.82
2025-10-02,İstanbul,Mouse,14,1000.0,71.43
2025-06-23,İstanbul,Mouse,23,15016.41,652.89
2025-06-15,İstanbul,Mouse,21,20245.75,964.08
2025-05-28,İstanbul,Mouse,37,20326.63,549.37
2025-10-13,İstanbul,Mouse,34,10273.51,302.16
2025-08-25,İstanbul,Mouse,25,13233.82,529.35
2025-05-17,İstanbul,Mouse,7,31533.8,4504.83
2025-07-07,İstanbul,Mouse,32,29960.53,936.27
2025-07-31,İstanbul,Mouse,16,1000.0,62.5
2025-10-02,İstanbul,Mouse,48,6547.13,136.4
2025-07-19,İstanbul,Mouse,4,20514.48,5128.62
2025-08-12,İstanbul,Mouse,30,1000.0,33.33
2025-07-26,İstanbul,Mouse,45,10459.9,232.44
2025-08-30,Bursa,Tablet,8,24951.87,3118.98
2025-09-01,Bursa,Tablet,22,32625.72,1482.99
2025-09-29,Bursa,Tablet,28,17815.42,636.27
2025-08-28,Bursa,Tablet,16,22879.27,1429.95
2025-10-03,Bursa,Tablet,20,24113.33,1205.67
2025-05-29,Bursa,Tablet,26,19872.43,764.32
2025-07-22,Bursa,Tablet,23,13399.93,582.61
2025-08-17,Bursa,Tablet,48,25162.99,524.23
2025-07-29,Bursa,Tablet,34,47040.76,1383.55
2025-06-15,Bursa,Tablet,37,16051.58,433.83
2025-10-04,Bursa,Tablet,14,32732.69,2338.05
2025-06-29,Bursa,Tablet,4,17214.32,4303.58
2025-09-22,Bursa,Tablet,18,32264.85,1792.49
2025-08-20,Bursa,Tablet,10,40961.28,4096.13
2025-08-11,Bursa,Tablet,15,35194.68,2346.31
2025-05-20,Bursa,Tablet,20,17395.91,869.8
2025-08-01,Bursa,Tablet,6,26098.95,4349.82
2025-07-13,Bursa,Tablet,49,24545.48,500.93
2025-06-26,Bursa,Tablet,12,28920.26,2410.02
2025-07-26,Bursa,Tablet,29,10339.14,356.52
2025-06-13,Bursa,Tablet,4,27060.46,6765.12
2025-10-05,Bursa,Tablet,11,13562.21,1232.93
2025-08-20,Bursa,Tablet,35,36333.69,1038.11
2025-10-19,Ankara,Monitör,33,8491.31,257.31
2025-06-22,Ankara,Monitör,25,20498.2,819.93
2025-08-24,Ankara,Monitör,12,13857.25,1154.77
2025-05-31,Ankara,Monitör,26,14660.31,563.86
2025-07-12,Ankara,Monitör,38,24449.2,643.4
2025-08-20,Ankara,Monitör,26,32288.8,1241.88
2025-10-10,Ankara,Monitör,3,41753.71,13917.9
2025-10-12,Ankara,Monitör,37,6409.49,173.23
2025-10-14,Ankara,Monitör,16,28291.27,1768.2
2025-09-20,Ankara,Monitör,3,33246.18,11082.06
2025-05-20,Ankara,Monitör,15,27782.14,1852.14
2025-08-28,Ankara,Monitör,32,22978.37,718.07
2025-05-22,Ankara,Monitör,32,37048.92,1157.78
2025-07-30,Ankara,Monitör,19,24186.17,1272.96
2025-08-15,Ankara,Monitör,1,17146.21,17146.21
2025-07-08,Ankara,Monitör,47,17811.55,378.97
2025-11-03,Ankara,Monitör,24,29855.41,1243.98
2025-07-29,Ankara,Monitör,25,18599.7,743.99
2025-10-13,Ankara,Monitör,10,3481.26,348.13
2025-05-31,Ankara,Monitör,27,23999.74,888.88
2025-07-01,Ankara,Monitör,34,35074.84,1031.61
2025-06-26,Ankara,Monitör,10,36616.08,3661.61
2025-09-13,Ankara,Monitör,10,6295.59,629.56
2025-08-30,Ankara,Monitör,38,9641.65,253.73
2025-05-22,Ankara,Monitör,10,31913.65,3191.36
2025-09-24,Ankara,Monitör,20,19828.18,991.41
2025-05-13,Ankara,Monitör,31,22904.98,738.87
2025-10-02,Ankara,Monitör,5,36009.31,7201.86
2025-08-16,Antalya,Monitör,31,25018.84,807.06
2025-07-31,Antalya,Monitör,22,29382.65,1335.57
2025-07-06,Antalya,Monitör,37,21351.29,577.06
2025-05-30,Antalya,Monitör,6,20422.71,3403.78
2025-09-25,Antalya,Monitör,36,16255.52,451.54
2025-11-04,Antalya,Monitör,32,21101.61,659.43
2025-06-03,Antalya,Monitör,26,21763.68,837.06
2025-10-17,Antalya,Monitör,39,14677.36,376.34
2025-06-14,Antalya,Monitör,40,34832.61,870.82
2025-07-02,Antalya,Monitör,40,25648.77,641.22
2025-07-29,Antalya,Monitör,37,13599.24,367.55
2025-08-30,Antalya,Monitör,48,35621.89,742.12
2025-06-27,Antalya,Monitör,31,11820.61,381.31
2025-09-13,Antalya,Monitör,44,27348.16,621.55
2025-06-16,Antalya,Monitör,31,6647.29,214.43
2025-06-22,Antalya,Monitör,9,7649.93,849.99
2025-10-05,Antalya,Monitör,8,14743.48,1842.93
2025-07-13,Antalya,Monitör,17,11064.67,650.86
2025-09-06,Antalya,Monitör,48,12444.92,259.27
2025-06-17,Antalya,Monitör,32,36668.54,1145.89
2025-07-04,Antalya,Monitör,10,29298.19,2929.82
2025-07-25,Antalya,Monitör,31,15828.52,510.6
2025-10-12,Antalya,Monitör,3,15349.74,5116.58
2025-10-06,Antalya,Monitör,8,32465.13,4058.14
2025-09-20,Antalya,Monitör,46,24509.18,532.81
2025-09-21,Bursa,Telefon,36,38314.87,1064.3
2025-11-05,Bursa,Telefon,31,23128.73,746.09
2025-08-31,Bursa,Telefon,45,28578.14,635.07
2025-09-17,Bursa,Telefon,30,34545.37,1151.51
2025-06-13,Bursa,Telefon,29,18023.3,621.49
2025-05-29,Bursa,Telefon,31,44246.95,1427.32
2025-09-29,Bursa,Telefon,25,28033.53,1121.34
2025-05-14,Bursa,Telefon,8,37765.51,4720.69
2025-05-19,Bursa,Telefon,25,31105.99,1244.24
2025-07-08,Bursa,Telefon,6,40378.51,6729.75
2025-11-05,Bursa,Telefon,29,35639.2,1228.94
2025-05-20,Bursa,Telefon,10,40570.52,4057.05
2025-08-31,Bursa,Telefon,22,24468.32,1112.2
2025-10-14,Bursa,Telefon,10,43976.97,4397.7
2025-06-21,Bursa,Telefon,17,37587.97,2211.06
2025-05-16,Bursa,Telefon,27,21908.95,811.44
2025-10-02,Bursa,Telefon,2,40816.56,20408.28
2025-05-22,Bursa,Telefon,34,26085.04,767.21
2025-05-12,Bursa,Telefon,21,45676.58,2175.08
2025-06-05,Bursa,Telefon,42,42463.67,1011.04
2025-07-23,Bursa,Telefon,44,24658.52,560.42
2025-07-09,Bursa,Telefon,37,21055.66,569.07
2025-07-10,Bursa,Telefon,13,35168.41,2705.26
2025-06-22,Bursa,Telefon,11,38568.1,3506.19
2025-08-18,Bursa,Telefon,8,30226.87,3778.36
2025-06-12,Bursa,Telefon,20,29280.79,1464.04
2025-07-30,Bursa,Telefon,12,54952.51,4579.38
2025-08-25,Bursa,Telefon,30,30142.51,1004.75
2025-06-16,Bursa,Telefon,43,27996.83,651.09
2025-05-22,Bursa,Telefon,32,44597.71,1393.68
