sales_data.csv
date,region,product,quantity,revenue,unit_price
2025-09-11,Ankara,Klavye,22,7859.68,357.26
2025-07-24,Ankara,Klavye,9,24590.58,2732.29
2025-08-28,Ankara,Klavye,22,13863.16,630.14
2025-05-17,Ankara,Klavye,42,22534.06,536.53
2025-08-10,Ankara,Klavye,8,6269.31,783.66
2025-07-22,Ankara,Klavye,2,1000.0,500.0
2025-09-16,Ankara,Klavye,20,3542.02,177.1
2025-08-25,Ankara,Klavye,39,1973.14,50.59
2025-10-18,Ankara,Klavye,12,13297.73,1108.14
2025-06-15,Ankara,Klavye,47,6731.68,143.23
2025-09-09,Ankara,Klavye,26,33733.51,1297.44
2025-10-28,Ankara,Klavye,34,14297.48,420.51
2025-10-07,Ankara,Klavye,43,12191.66,283.53
2025-05-17,Ankara,Klavye,49,15512.39,316.58
2025-05-17,Ankara,Klavye,32,6108.66,190.9
2025-11-01,Ankara,Klavye,29,5384.83,185.68
2025-07-28,Ankara,Klavye,35,18181.21,519.46
2025-08-24,Ankara,Klavye,2,5076.46,2538.23
2025-06-06,Ankara,Klavye,5,8671.17,1734.23
2025-08-12,Ankara,Klavye,20,1000.0,50.0
2025-05-17,İstanbul,Telefon,29,40989.27,1413.42
2025-06-25,İstanbul,Telefon,31,81767.15,2637.65
2025-05-19,İstanbul,Telefon,30,69733.4,2324.45
2025-05-26,İstanbul,Telefon,34,55779.22,1640.57
2025-07-01,İstanbul,Telefon,22,63165.26,2871.15
2025-07-21,İstanbul,Telefon,9,58559.1,6506.57
2025-10-14,İstanbul,Telefon,25,54557.42,2182.3
2025-07-24,İstanbul,Telefon,42,33572.04,799.33
2025-10-22,İstanbul,Telefon,24,53421.19,2225.88
2025-07-06,İstanbul,Telefon,28,72133.94,2576.21
2025-10-01,İstanbul,Telefon,27,61592.68,2281.21
2025-10-30,İstanbul,Telefon,14,70065.56,5004.68
2025-08-10,İstanbul,Telefon,8,55081.58,6885.2
2025-05-14,İstanbul,Telefon,20,69298.89,3464.94
2025-05-15,İstanbul,Telefon,41,65822.55,1605.43
2025-08-31,İstanbul,Telefon,21,47484.54,2261.17
2025-05-11,İstanbul,Telefon,23,57513.43,2500.58
2025-10-14,İstanbul,Telefon,3,43405.6,14468.53
2025-07-06,İstanbul,Telefon,25,76249.1,3049.96
2025-09-06,İzmir,Kamera,36,49754.35,1382.07
2025-09-27,İzmir,Kamera,20,57324.97,2866.25
2025-06-01,İzmir,Kamera,37,62938.36,1701.04
2025-10-16,İzmir,Kamera,19,36511.69,1921.67
2025-06-18,İzmir,Kamera,41,55622.19,1356.64
2025-11-01,İzmir,Kamera,48,29909.09,623.11
2025-10-28,İzmir,Kamera,24,10224.46,426.02
2025-06-11,İzmir,Kamera,38,39132.6,1029.81
2025-09-09,İzmir,Kamera,6,34660.2,5776.7
2025-05-27,İzmir,Kamera,40,53602.56,1340.06
2025-07-21,İzmir,Kamera,7,31490.48,4498.64
2025-09-18,İzmir,Kamera,47,26724.3,568.6
2025-10-23,İzmir,Kamera,22,64120.11,2914.55
2025-10-24,İzmir,Kamera,33,50597.32,1533.25
2025-05-11,İzmir,Kamera,30,55385.19,1846.17
2025-08-15,İzmir,Kamera,11,49129.27,4466.3
2025-07-30,İzmir,Kamera,28,10963.06,391.54
2025-05-22,İzmir,Kamera,47,27043.71,575.4
2025-07-31,İzmir,Kamera,12,37284.87,3107.07
2025-10-01,İzmir,Kamera,23,49072.64,2133.59
2025-08-06,İzmir,Kamera,18,38648.51,2147.14
2025-10-26,İzmir,Kamera,40,37510.27,937.76
2025-09-15,İzmir,Kamera,40,55187.55,1379.69
2025-11-03,İzmir,Kamera,11,48184.62,4380.42
2025-07-12,İzmir,Kamera,26,31726.27,1220.24
2025-06-29,İzmir,Kamera,49,36387.57,742.6
2025-10-28,İzmir,Kamera,5,52704.93,10540.99
2025-09-12,İzmir,Kamera,40,30747.79,768.69
2025-10-23,İzmir,Kamera,37,46896.42,1267.47
2025-05-17,İzmir,Kamera,38,25788.34,678.64
2025-10-16,İzmir,Kamera,22,52500.7,2386.4
2025-05-12,İzmir,Kamera,41,11946.94,291.39
2025-10-08,Ankara,Kamera,35,41611.1,1188.89
2025-10-24,Ankara,Kamera,37,28679.33,775.12
2025-08-21,Ankara,Kamera,47,60680.4,1291.07
2025-10-01,Ankara,Kamera,46,15670.82,340.67
2025-10-19,Ankara,Kamera,49,29049.97,592.86
2025-08-15,Ankara,Kamera,36,45994.53,1277.63
2025-09-15,Ankara,Kamera,8,36266.19,4533.27
2025-06-20,Ankara,Kamera,7,33489.62,4784.23
2025-06-20,Ankara,Kamera,1,27974.74,27974.74
2025-09-17,Ankara,Kamera,49,26203.65,534.77
2025-05-14,Ankara,Kamera,48,30292.01,631.08
2025-09-08,Ankara,Kamera,37,30342.01,820.05
2025-08-03,Ankara,Kamera,23,39171.07,1703.09
2025-07-09,Ankara,Kamera,34,27482.87,808.32
2025-10-17,Ankara,Kamera,21,26154.79,1245.47
2025-11-01,Ankara,Kamera,29,36398.09,1255.11
2025-08-02,Ankara,Kamera,45,19938.11,443.07
2025-08-01,Ankara,Kamera,38,37407.8,984.42
2025-07-03,Ankara,Kamera,38,27318.8,718.92
2025-08-29,Ankara,Kamera,47,48243.84,1026.46
2025-06-14,İstanbul,Tablet,24,59164.97,2465.21
2025-08-22,İstanbul,Tablet,20,49492.79,2474.64
2025-08-09,İstanbul,Tablet,49,38368.6,783.03
2025-05-21,İstanbul,Tablet,8,26866.57,3358.32
2025-10-29,İstanbul,Tablet,13,16013.15,1231.78
2025-11-05,İstanbul,Tablet,15,36685.46,2445.7
2025-06-14,İstanbul,Tablet,36,36624.91,1017.36
2025-06-17,İstanbul,Tablet,40,58113.88,1452.85
2025-07-07,İstanbul,Tablet,48,40954.27,853.21
2025-08-06,İstanbul,Tablet,40,20579.78,514.49
2025-07-16,İstanbul,Tablet,4,58347.85,14586.96
2025-08-02,İstanbul,Tablet,26,24264.9,933.27
2025-08-14,İstanbul,Tablet,4,45453.19,11363.3
2025-10-31,İstanbul,Tablet,18,64615.7,3589.76
2025-08-27,İstanbul,Tablet,3,46325.27,15441.76
2025-10-03,İstanbul,Tablet,32,26359.53,823.74
2025-09-09,İstanbul,Tablet,2,53979.7,26989.85
2025-08-17,İstanbul,Tablet,2,55205.14,27602.57
2025-07-22,İstanbul,Tablet,29,62346.24,2149.87
2025-08-25,İstanbul,Tablet,41,64382.01,1570.29
2025-08-06,İstanbul,Tablet,19,20324.76,1069.72
2025-09-27,İstanbul,Monitör,19,1000.0,52.63
2025-05-31,İstanbul,Monitör,23,10673.29,464.06
2025-09-08,İstanbul,Monitör,12,29949.74,2495.81
2025-10-15,İstanbul,Monitör,24,1000.0,41.67
2025-08-01,İstanbul,Monitör,36,9880.88,274.47
2025-11-01,İstanbul,Monitör,2,18887.51,9443.76
2025-07-21,İstanbul,Monitör,12,30894.46,2574.54
2025-07-25,İstanbul,Monitör,25,63157.85,2526.31
2025-06-03,İstanbul,Monitör,21,18006.92,857.47
2025-07-12,İstanbul,Monitör,12,5566.65,463.89
2025-05-21,İstanbul,Monitör,6,31135.08,5189.18
2025-10-07,İstanbul,Monitör,17,33607.07,1976.89
2025-07-17,İstanbul,Monitör,44,32327.86,734.72
2025-10-04,İstanbul,Monitör,47,55101.78,1172.38
2025-05-14,İstanbul,Monitör,42,1000.0,23.81
2025-09-12,İstanbul,Monitör,43,56169.59,1306.27
2025-07-14,İstanbul,Monitör,36,25311.86,703.11
2025-09-27,İstanbul,Monitör,25,44746.76,1789.87
2025-06-10,İstanbul,Monitör,35,58095.31,1659.87
2025-08-16,Antalya,Kamera,21,42786.0,2037.43
2025-07-31,Antalya,Kamera,46,28994.97,630.33
2025-09-28,Antalya,Kamera,2,56376.87,28188.44
2025-09-18,Antalya,Kamera,10,18751.03,1875.1
2025-08-09,Antalya,Kamera,6,29735.75,4955.96
2025-07-31,Antalya,Kamera,4,34781.84,8695.46
2025-10-11,Antalya,Kamera,33,35876.68,1087.17
2025-10-22,Antalya,Kamera,30,31070.47,1035.68
2025-05-21,Antalya,Kamera,17,33834.55,1990.27
2025-07-23,Antalya,Kamera,27,42769.79,1584.07
2025-08-03,Antalya,Kamera,38,29766.35,783.32
2025-11-05,Antalya,Kamera,27,34881.84,1291.92
2025-08-14,Antalya,Kamera,3,38946.69,12982.23
2025-10-20,Antalya,Kamera,33,29854.73,904.69
2025-09-23,Antalya,Kamera,24,41361.9,1723.41
2025-06-27,Antalya,Kamera,49,42411.0,865.53
2025-09-22,Antalya,Kamera,5,18180.19,3636.04
2025-05-30,Antalya,Kamera,19,43545.22,2291.85
2025-08-19,Antalya,Kamera,24,33142.58,1380.94
2025-08-12,Antalya,Kamera,41,43978.99,1072.66
2025-05-12,Antalya,Kamera,22,23894.92,1086.13
2025-08-13,Antalya,Kamera,46,35356.64,768.62
2025-09-11,Antalya,Kamera,29,47685.9,1644.34
2025-07-29,Antalya,Kamera,49,29369.67,599.38
2025-07-21,Antalya,Kamera,48,29615.76,617.0
2025-10-23,Antalya,Kamera,45,39441.49,876.48
2025-09-01,İzmir,Mouse,16,1000.0,62.5
2025-09-01,İzmir,Mouse,7,3011.57,430.22
2025-05-19,İzmir,Mouse,10,2942.14,294.21
2025-10-21,İzmir,Mouse,21,1502.15,71.53
2025-10-05,İzmir,Mouse,17,6537.2,384.54
2025-07-18,İzmir,Mouse,28,20236.65,722.74
2025-07-20,İzmir,Mouse,21,5828.53,277.55
2025-05-26,İzmir,Mouse,11,1000.0,90.91
2025-10-12,İzmir,Mouse,47,1000.0,21.28
2025-09-06,İzmir,Mouse,27,13635.52,505.02
2025-06-23,İzmir,Mouse,3,1000.0,333.33
2025-11-04,İzmir,Mouse,19,1000.0,52.63
2025-05-19,İzmir,Mouse,48,1000.0,20.83
2025-07-02,İzmir,Mouse,29,16261.84,560.75
2025-05-11,İzmir,Mouse,24,1000.0,41.67
2025-10-13,İzmir,Mouse,18,28760.86,1597.83
2025-09-25,İzmir,Mouse,18,1000.0,55.56
2025-10-02,İzmir,Mouse,14,12464.75,890.34
2025-09-08,İzmir,Mouse,48,1000.0,20.83
2025-08-21,Antalya,Mouse,39,12701.81,325.69
2025-11-05,Antalya,Mouse,5,17154.96,3430.99
2025-06-11,Antalya,Mouse,36,3664.1,101.78
2025-07-10,Antalya,Mouse,40,16374.03,409.35
2025-07-27,Antalya,Mouse,7,20414.59,2916.37
2025-08-19,Antalya,Mouse,34,2969.45,87.34
2025-06-13,Antalya,Mouse,19,1000.0,52.63
2025-05-20,Antalya,Mouse,46,4184.93,90.98
2025-10-17,Antalya,Mouse,45,9683.76,215.19
2025-06-06,Antalya,Mouse,19,9168.59,482.56
2025-10-25,Antalya,Mouse,30,1000.0,33.33
2025-06-19,Antalya,Mouse,46,11962.57,260.06
2025-07-12,Antalya,Mouse,35,1000.0,28.57
2025-10-13,Antalya,Mouse,45,12387.57,275.28
2025-10-12,Antalya,Mouse,21,11846.3,564.11
2025-06-16,Antalya,Mouse,32,15949.43,498.42
2025-10-14,Antalya,Mouse,17,3351.96,197.17
2025-08-11,Antalya,Mouse,18,10629.56,590.53
